3Red Partners                  → (no ATS signature found)
26 Miles Capital               → (no ATS signature found)
323 Trading                    → (no ATS signature found)
ACT Group                      → (no ATS signature found)
Acadian Asset Management       → (no ATS signature found)
Accent Group                   → (no ATS signature found)
Akuna Capital                  → (no ATS signature found)
Algorithmic Trading Group      → (no ATS signature found)
All Options                    → (no ATS signature found)
Allston Trading                → greenhouse: dvtrading   (via https://dvtrading.co/join)
AlphaGrep                      → (no ATS signature found)
Amplify Trading                → (no ATS signature found)
Amber Group                    → (no ATS signature found)
Ansatz Capital                 → lever: ansatzcapital   (via https://ansatz.capital)
AQR Capital Management         → (no ATS signature found)
Aquatic                        → greenhouse: aquaticcapitalmanagement   (via https://www.aquatic.com)
Arrowstreet Capital            → (no ATS signature found)
B2C2                           → (no ATS signature found)
Balyasny Asset Management      → (no ATS signature found)
Barak Capital                  → (no ATS signature found)
Belvedere Trading              → lever: belvederetrading   (via https://www.belvederetrading.com)
Black Eagle Financial Group    → (no ATS signature found)
BlackEdge Capital              → greenhouse: blackedgecapital   (via https://www.blackedge.com)
BlockTech                      → (no ATS signature found)
Bondi Tech                     → (no ATS signature found)
Chicago Trading Company        → (no ATS signature found)
Chimera Securities             → workable: chimera-securities-llc   (via https://www.chimerasecurities.com/careers)
Clear Street                   → (no ATS signature found)
Consolidated Trading           → (no ATS signature found)
Criterion Arbitrage & Trading  → (no ATS signature found)
Cross Options                  → (no ATS signature found)
Cubist (Point72)               → (no ATS signature found)
D. E. Shaw                     → (no ATS signature found)
D2X                            → (no ATS signature found)
Da Vinci Trading               → greenhouse: davinciderivatives   (via https://davincitrading.com/careers)
Deep Blue Capital              → (no ATS signature found)
DRW                            → (no ATS signature found)
DV Trading                     → greenhouse: dvtrading   (via https://dvtrading.co/join)
DWF Labs                       → (no ATS signature found)
Eagle Seven                    → (no ATS signature found)
Eclipse Trading                → (no ATS signature found)
Epoch Capital                  → (no ATS signature found)
Five Rings                     → greenhouse: fiveringsllc   (via https://fiverings.com/careers)
Flow Traders                   → greenhouse: flowtraders   (via https://www.flowtraders.com/careers)
G-Research                     → (no ATS signature found)
Gelber Group                   → greenhouse: gelbergroup   (via https://www.gelbergroup.com/careers)
Genk Capital                   → (no ATS signature found)
Geneva Trading                 → greenhouse: genevatrading   (via https://www.genevatrading.com)
Grasshopper                    → (no ATS signature found)
Gravity Team                   → (no ATS signature found)
Graviton Research Capital      → (no ATS signature found)
Grace Hall Trading             → (no ATS signature found)
Great Point Capital            → (no ATS signature found)
GSR                            → (no ATS signature found)
HAP Capital                    → (no ATS signature found)
Headlands Technology           → greenhouse: headlandstechnologiesllc   (via https://www.headlandstech.com/careers)
Hudson River Trading           → greenhouse: hrttalentcommunity   (via https://www.hudsonrivertrading.com/careers)
IMC Trading                    → (no ATS signature found)
Jane Street                    → (no ATS signature found)
Jerpoint Capital               → (no ATS signature found)
Jump Trading                   → greenhouse: talent_community   (via https://www.jumptrading.com/careers)
Kershner Trading Group         → (no ATS signature found)
Keyrock                        → ashby: keyrock   (via https://keyrock.com/careers)
KeyQuant                       → (no ATS signature found)
Kronos Research                → (no ATS signature found)
League Trading                 → (no ATS signature found)
Linitics                       → (no ATS signature found)
Mako Trading                   → greenhouse: mako   (via https://www.mako.com)
Market Wizards                 → (no ATS signature found)
Marshall Wace                  → (no ATS signature found)
Marquette Partners             → (no ATS signature found)
Mathrix                        → recruitee: mathrix   (via https://www.mathrix.com)
Matrix Executions              → (no ATS signature found)
Maven Securities               → greenhouse: mavensecuritiesholdingltd   (via https://www.mavensecurities.com/jobs)
Maverick Derivatives           → (no ATS signature found)
Millennium                     → (no ATS signature found)
Nino Options                   → (no ATS signature found)
NK Securities                  → (no ATS signature found)
Northpool                      → (no ATS signature found)
Nyenburgh                      → (no ATS signature found)
Old Mission Capital            → greenhouse: oldmissioncapital   (via https://www.oldmissioncapital.com/careers)
ORA Traders                    → (no ATS signature found)
OTC Flow                       → (no ATS signature found)
PEAK6                          → (no ATS signature found)
Prime Trading                  → (no ATS signature found)
Priogen Energy                 → (no ATS signature found)
Quadeye                        → (no ATS signature found)
Quantbox Research              → (no ATS signature found)
Quantlab                       → (no ATS signature found)
Radix Trading                  → greenhouse: radixuniversity   (via https://radixtrading.co)
SCALP Trade                    → (no ATS signature found)
Savius                         → (no ATS signature found)
Seven Eight Capital            → (no ATS signature found)
Seven Points Capital           → (no ATS signature found)
SIG                            → (no ATS signature found)
Simplex Trading                → greenhouse: simplextrading   (via https://simplextrading.com/careers)
Squarepoint Capital            → (no ATS signature found)
Sumo                           → (no ATS signature found)
T3 Trading Group               → (no ATS signature found)
The Voleon Group               → (no ATS signature found)
Tibra                          → workable: tibra-capital-1   (via https://www.tibra.com/careers)
Tower Research Capital         → (no ATS signature found)
TradeLink                      → (no ATS signature found)
TransMarket Group              → greenhouse: transmarketgroup   (via https://www.transmarketgroup.com/careers)
Trexquant                      → (no ATS signature found)
Trillium Trading               → greenhouse: trillium   (via https://www.trlm.com)
Two Sigma                      → (no ATS signature found)
UTR8 Group                     → (no ATS signature found)
Valkyrie Trading               → (no ATS signature found)
Vatic Labs                     → greenhouse: vaticlabs   (via https://www.vaticlabs.ai/careers)
VIRTU Financial                → greenhouse: virtu   (via https://www.virtu.com/careers)
VivCourt Trading               → (no ATS signature found)
Wolverine Trading              → (no ATS signature found)
Wintermute                     → (no ATS signature found)
Woorton                        → (no ATS signature found)
WorldQuant                     → (no ATS signature found)
WH Trading                     → (no ATS signature found)
WEBB Traders                   → (no ATS signature found)
XR Trading                     → (no ATS signature found)
XTX Markets                    → greenhouse: xtxmarketstechnologies   (via https://www.xtxmarkets.com/careers/)
Xantium                        → greenhouse: xantium   (via https://www.xantium.com/careers)
XY Capital                     → (no ATS signature found)
Z.R.T.X.                       → (no ATS signature found)

Detected 29/123 firms. Wrote tools/discovered.json
