Scouting 90 firms without an API...

3Red Partners                OK  6 links
26 Miles Capital             -- no reachable careers page
323 Trading                  OK  2 links
ACT Group                    OK  5 links
Acadian Asset Management     OK  31 links
Accent Group                 OK  8 links
Algorithmic Trading Group    OK  13 links
All Options                  OK  16 links
Allston Trading              OK  36 links
AlphaGrep                    OK  30 links
Amplify Trading              OK  40 links
Amber Group                  OK  6 links
AQR Capital Management       OK  34 links
Arrowstreet Capital          OK  10 links
B2C2                         OK  44 links
Balyasny Asset Management    OK  99 links
Barak Capital                OK  29 links
Black Eagle Financial Group  OK  35 links
BlockTech                    OK  24 links
Bondi Tech                   OK  13 links
Chicago Trading Company      OK  19 links
Clear Street                 OK  31 links
Consolidated Trading         OK  3 links
Criterion Arbitrage & Trading -- no reachable careers page
Cross Options                OK  6 links
Cubist (Point72)             -- no reachable careers page
D. E. Shaw                   OK  35 links
D2X                          OK  11 links
Deep Blue Capital            OK  10 links
DRW                          OK  31 links
DWF Labs                     OK  26 links
Eagle Seven                  OK  12 links
Eclipse Trading              OK  8 links
Epoch Capital                OK  15 links
G-Research                   OK  29 links
Genk Capital                 OK  14 links
Grasshopper                  OK  11 links
Gravity Team                 OK  15 links
Graviton Research Capital    OK  13 links
Grace Hall Trading           -- no reachable careers page
Great Point Capital          OK  9 links
GSR                          OK  32 links
HAP Capital                  -- no reachable careers page
IMC Trading                  OK  36 links
Jane Street                  OK  32 links
Jerpoint Capital             OK  4 links
Kershner Trading Group       OK  3 links
KeyQuant                     OK  13 links
League Trading               OK  6 links
Linitics                     OK  6 links
Market Wizards               OK  14 links
Marshall Wace                OK  27 links
Marquette Partners           OK  10 links
Matrix Executions            OK  15 links
Maverick Derivatives         OK  12 links
Millennium                   OK  27 links
Nino Options                 OK  8 links
Northpool                    OK  10 links
Nyenburgh                    -- no reachable careers page
ORA Traders                  OK  15 links
OTC Flow                     OK  37 links
PEAK6                        OK  17 links
Prime Trading                OK  7 links
Priogen Energy               OK  6 links
Quadeye                      OK  10 links
Quantbox Research            -- no reachable careers page
Quantlab                     OK  4 links
SCALP Trade                  OK  7 links
Savius                       OK  26 links
Seven Eight Capital          -- no reachable careers page
Seven Points Capital         OK  11 links
SIG                          OK  34 links
Squarepoint Capital          OK  10 links
Sumo                         OK  10 links
T3 Trading Group             OK  5 links
The Voleon Group             -- no reachable careers page
TradeLink                    OK  6 links
Trexquant                    OK  7 links
Two Sigma                    OK  56 links
UTR8 Group                   -- no reachable careers page
Valkyrie Trading             OK  12 links
VivCourt Trading             OK  38 links | MATCHES: ['Trading Internship']
Wolverine Trading            OK  16 links | MATCHES: ['Quantitative Trader Internship']
Wintermute                   OK  31 links
Woorton                      OK  18 links
WH Trading                   OK  9 links
WEBB Traders                 OK  18 links
XR Trading                   OK  6 links
XY Capital                   OK  18 links
Z.R.T.X.                     OK  8 links

80 firms have a reachable careers page → tools/html_entries.json
